// Jest Snapshot v1, https://goo.gl/fbAQLP

exports[`Header renders correctly 1`] = `
<header
  id="header"
>
  <div>
    <h1
      id="name"
    >
      Kevin Caro Silva
    </h1>
    <h2
      id="profession"
    >
      Software developer
    </h2>
  </div>
  <div
    id="externalLinks"
  >
    <a
      href="https://github.com/kev-cs"
    >
      <i
        className="fab fa-github"
      />
    </a>
    <a
      href="https://www.linkedin.com/in/kevin-caro-silva-36670a136/"
    >
      <i
        className="fab fa-linkedin"
      />
    </a>
    <a
      href="mailto:admin@kevincs.me"
    >
      <i
        className="fas fa-envelope"
      />
    </a>
  </div>
</header>
`;
